// Jest Snapshot v1, https://goo.gl/fbAQLP

exports[`ExitButton snapshot test should render correct ui and press the exit icon 1`] = `
<View
  style={
    Object {
      "alignItems": "flex-end",
      "paddingTop": 33.5,
    }
  }
>
  <View
    style={
      Object {
        "overflow": "hidden",
      }
    }
  >
    <View
      accessible={true}
      focusable={true}
      onClick={[Function]}
      onResponderGrant={[Function]}
      onResponderMove={[Function]}
      onResponderRelease={[Function]}
      onResponderTerminate={[Function]}
      onResponderTerminationRequest={[Function]}
      onStartShouldSetResponder={[Function]}
      style={
        Object {
          "alignItems": "flex-end",
          "justifyContent": "space-between",
          "padding": 22.5,
        }
      }
      testID="exit-button"
    >
      <View
        style={
          Object {
            "alignItems": "center",
            "backgroundColor": "transparent",
            "justifyContent": "center",
          }
        }
      >
        <Text
          allowFontScaling={false}
          style={
            Array [
              Object {
                "color": "#242424",
                "fontSize": 30,
              },
              Object {
                "backgroundColor": "transparent",
              },
              Object {
                "fontFamily": "Ionicons",
                "fontStyle": "normal",
                "fontWeight": "normal",
              },
              Object {},
            ]
          }
          testID="iconIcon"
        >
          ïˆ¥
        </Text>
      </View>
    </View>
  </View>
</View>
`;
