// Jest Snapshot v1, https://goo.gl/fbAQLP

exports[`BackIcon snapshot test should render correct ui when scheme is dark 1`] = `
<BVLinearGradient
  colors={
    Array [
      4278819773,
      4278213285,
    ]
  }
  endPoint={
    Object {
      "x": 0,
      "y": 1.5,
    }
  }
  locations={
    Array [
      0,
      0.5,
    ]
  }
  startPoint={
    Object {
      "x": 0.1,
      "y": 0,
    }
  }
  style={
    Object {
      "backgroundColor": "#f6f6f6",
      "flex": 1,
      "width": 750,
    }
  }
>
  <View />
</BVLinearGradient>
`;

exports[`BackIcon snapshot test should render correct ui when scheme is light 1`] = `
<BVLinearGradient
  colors={
    Array [
      4278819773,
      4278213285,
    ]
  }
  endPoint={
    Object {
      "x": 0,
      "y": 1.5,
    }
  }
  locations={
    Array [
      0,
      0.5,
    ]
  }
  startPoint={
    Object {
      "x": 0.1,
      "y": 0,
    }
  }
  style={
    Object {
      "backgroundColor": "#f6f6f6",
      "flex": 1,
      "width": 750,
    }
  }
>
  <View />
</BVLinearGradient>
`;
