// Jest Snapshot v1, https://goo.gl/fbAQLP

exports[`EmploymentOfferScreen snapshot test should render correct ui when focus is true when employmentOfferDocument is present 1`] = `
<RCTScrollView
  contentContainerStyle={
    Object {
      "flexGrow": 1,
    }
  }
>
  <View>
    <View
      style={
        Object {
          "flex": 1,
        }
      }
    >
      <PDFView
        fadeInDuration={10}
        onError={[Function]}
        onLoad={[Function]}
        onPageChanged={[Function]}
        onScrolled={[Function]}
        resource="12345"
        resourceType="base64"
        style={
          Object {
            "flex": 1,
            "width": 750,
          }
        }
        textEncoding="utf-8"
        urlProps={Object {}}
      />
    </View>
  </View>
</RCTScrollView>
`;

exports[`EmploymentOfferScreen snapshot test should render correct ui when focus is true when employmentOfferDocument is present and assignmentType is next 1`] = `
<RCTScrollView
  contentContainerStyle={
    Object {
      "flexGrow": 1,
    }
  }
>
  <View>
    <View
      style={
        Object {
          "flex": 1,
        }
      }
    >
      <PDFView
        fadeInDuration={10}
        onError={[Function]}
        onLoad={[Function]}
        onPageChanged={[Function]}
        onScrolled={[Function]}
        resource="12345"
        resourceType="base64"
        style={
          Object {
            "flex": 1,
            "width": 750,
          }
        }
        textEncoding="utf-8"
        urlProps={Object {}}
      />
    </View>
  </View>
</RCTScrollView>
`;

exports[`EmploymentOfferScreen snapshot test should render correct ui when focus is true when employmentOfferDocument is undefined 1`] = `
<RCTScrollView
  contentContainerStyle={
    Object {
      "flexGrow": 1,
    }
  }
>
  <View />
</RCTScrollView>
`;
