// Jest Snapshot v1, https://goo.gl/fbAQLP

exports[`AppColorScheme snapshot test should render correct ui and press privacy-policy-button 1`] = `
<View
  style={
    Object {
      "backgroundColor": "#f6f6f6",
      "flex": 1,
    }
  }
>
  <View
    style={
      Object {
        "backgroundColor": undefined,
      }
    }
  >
    <View
      style={
        Object {
          "margin": 45,
        }
      }
    >
      <Text
        style={
          Array [
            Object {
              "color": "#2A2E43",
              "fontFamily": "Roboto-Regular",
            },
            Object {
              "color": "#FFFFFF",
              "fontSize": 33.5,
              "fontWeight": "bold",
              "textAlign": "left",
            },
          ]
        }
      >
        Shoe Size
      </Text>
      <View
        style={
          Object {
            "marginBottom": 45,
            "marginTop": 45,
          }
        }
      >
        <View
          style={
            Array [
              Object {
                "backgroundColor": "rgb(242, 242, 242)",
                "borderBottomEndRadius": 0.5,
                "borderBottomRightRadius": 0.5,
                "borderRadius": 2,
              },
              Object {
                "borderBottomWidth": 0.5,
                "borderColor": "#005AA5",
                "borderLeftWidth": 0.5,
              },
            ]
          }
        >
          <View
            style={
              Array [
                undefined,
                0,
                Object {
                  "flexDirection": "row",
                  "overflow": "hidden",
                },
                Object {
                  "height": 80,
                },
              ]
            }
          >
            <View
              style={
                Array [
                  Object {
                    "borderColor": "#005AA5",
                    "borderRightWidth": 0.5,
                    "borderTopWidth": 0.5,
                  },
                  Object {
                    "justifyContent": "center",
                  },
                  undefined,
                  undefined,
                  undefined,
                  Object {
                    "flex": 1,
                  },
                  undefined,
                ]
              }
            >
              <Text
                style={
                  Array [
                    Object {
                      "color": undefined,
                      "fontSize": 26.5,
                      "textAlign": "center",
                    },
                    Object {
                      "backgroundColor": "transparent",
                    },
                  ]
                }
              >
                PHL
              </Text>
            </View>
            <View
              style={
                Array [
                  Object {
                    "borderColor": "#005AA5",
                    "borderRightWidth": 0.5,
                    "borderTopWidth": 0.5,
                  },
                  Object {
                    "justifyContent": "center",
                  },
                  undefined,
                  undefined,
                  undefined,
                  Object {
                    "flex": 1,
                  },
                  undefined,
                ]
              }
            >
              <Text
                style={
                  Array [
                    Object {
                      "color": undefined,
                      "fontSize": 26.5,
                      "textAlign": "center",
                    },
                    Object {
                      "backgroundColor": "transparent",
                    },
                  ]
                }
              >
                US
              </Text>
            </View>
            <View
              style={
                Array [
                  Object {
                    "borderColor": "#005AA5",
                    "borderRightWidth": 0.5,
                    "borderTopWidth": 0.5,
                  },
                  Object {
                    "justifyContent": "center",
                  },
                  undefined,
                  undefined,
                  undefined,
                  Object {
                    "flex": 1,
                  },
                  undefined,
                ]
              }
            >
              <Text
                style={
                  Array [
                    Object {
                      "color": undefined,
                      "fontSize": 26.5,
                      "textAlign": "center",
                    },
                    Object {
                      "backgroundColor": "transparent",
                    },
                  ]
                }
              >
                EU
              </Text>
            </View>
            <View
              style={
                Array [
                  Object {
                    "borderColor": "#005AA5",
                    "borderRightWidth": 0.5,
                    "borderTopWidth": 0.5,
                  },
                  Object {
                    "justifyContent": "center",
                  },
                  undefined,
                  undefined,
                  undefined,
                  Object {
                    "flex": 1,
                  },
                  undefined,
                ]
              }
            >
              <Text
                style={
                  Array [
                    Object {
                      "color": undefined,
                      "fontSize": 26.5,
                      "textAlign": "center",
                    },
                    Object {
                      "backgroundColor": "transparent",
                    },
                  ]
                }
              >
                UK
              </Text>
            </View>
          </View>
          <View
            style={
              Array [
                0,
                0,
              ]
            }
          >
            <View
              style={
                Array [
                  undefined,
                  0,
                  Object {
                    "flexDirection": "row",
                    "overflow": "hidden",
                  },
                  undefined,
                ]
              }
            >
              <View
                style={
                  Array [
                    Object {
                      "borderColor": "#005AA5",
                      "borderRightWidth": 0.5,
                      "borderTopWidth": 0.5,
                    },
                    Object {
                      "justifyContent": "center",
                    },
                    undefined,
                    undefined,
                    undefined,
                    Object {
                      "flex": 1,
                    },
                    undefined,
                  ]
                }
              >
                <Text
                  style={
                    Array [
                      Object {
                        "color": undefined,
                        "fontSize": 25.5,
                        "fontWeight": "bold",
                        "height": 57.5,
                        "margin": 13.5,
                        "textAlign": "center",
                      },
                      Object {
                        "backgroundColor": "transparent",
                      },
                    ]
                  }
                >
                  8.5
                </Text>
              </View>
              <View
                style={
                  Array [
                    Object {
                      "borderColor": "#005AA5",
                      "borderRightWidth": 0.5,
                      "borderTopWidth": 0.5,
                    },
                    Object {
                      "justifyContent": "center",
                    },
                    undefined,
                    undefined,
                    undefined,
                    Object {
                      "flex": 1,
                    },
                    undefined,
                  ]
                }
              >
                <Text
                  style={
                    Array [
                      Object {
                        "color": undefined,
                        "fontSize": 25.5,
                        "fontWeight": "bold",
                        "height": 57.5,
                        "margin": 13.5,
                        "textAlign": "center",
                      },
                      Object {
                        "backgroundColor": "transparent",
                      },
                    ]
                  }
                >
                  42
                </Text>
              </View>
              <View
                style={
                  Array [
                    Object {
                      "borderColor": "#005AA5",
                      "borderRightWidth": 0.5,
                      "borderTopWidth": 0.5,
                    },
                    Object {
                      "justifyContent": "center",
                    },
                    undefined,
                    undefined,
                    undefined,
                    Object {
                      "flex": 1,
                    },
                    undefined,
                  ]
                }
              >
                <Text
                  style={
                    Array [
                      Object {
                        "color": undefined,
                        "fontSize": 25.5,
                        "fontWeight": "bold",
                        "height": 57.5,
                        "margin": 13.5,
                        "textAlign": "center",
                      },
                      Object {
                        "backgroundColor": "transparent",
                      },
                    ]
                  }
                >
                  8
                </Text>
              </View>
              <View
                style={
                  Array [
                    Object {
                      "borderColor": "#005AA5",
                      "borderRightWidth": 0.5,
                      "borderTopWidth": 0.5,
                    },
                    Object {
                      "justifyContent": "center",
                    },
                    undefined,
                    undefined,
                    undefined,
                    Object {
                      "flex": 1,
                    },
                    undefined,
                  ]
                }
              >
                <Text
                  style={
                    Array [
                      Object {
                        "color": undefined,
                        "fontSize": 25.5,
                        "fontWeight": "bold",
                        "height": 57.5,
                        "margin": 13.5,
                        "textAlign": "center",
                      },
                      Object {
                        "backgroundColor": "transparent",
                      },
                    ]
                  }
                >
                  8
                </Text>
              </View>
            </View>
          </View>
        </View>
      </View>
    </View>
  </View>
</View>
`;
