// Jest Snapshot v1, https://goo.gl/fbAQLP

exports[`RegistrationTab snapshot test should render correct ui for RegistrationTab 1`] = `
<View>
  <RCTScrollView
    data={
      Array [
        Object {
          "answer": "Please contact your local manning agency or crew manager. They will update the email address in your database file.",
          "id": 0,
          "opened": false,
          "question": "I am trying to create an account and I receive a message that my email address does not match the entry in my file.",
        },
        Object {
          "answer": "Please also check Spam and Deleted items folders in case the email was automatically filed in these locations. If you still cannot find the mail please contact our Support Team (feedback.app@marlowgroup.com)",
          "id": 1,
          "opened": false,
          "question": "During registration I did not receive an email with the subject “Your Marlow CrewCompanion Account Registration”",
          "url": "mailto:feedback.app@marlowgroup.com",
        },
      ]
    }
    disableVirtualization={false}
    getItem={[Function]}
    getItemCount={[Function]}
    getItemLayout={[Function]}
    horizontal={false}
    initialNumToRender={10}
    keyExtractor={[Function]}
    maxToRenderPerBatch={10}
    onContentSizeChange={[Function]}
    onEndReachedThreshold={2}
    onLayout={[Function]}
    onMomentumScrollEnd={[Function]}
    onScroll={[Function]}
    onScrollBeginDrag={[Function]}
    onScrollEndDrag={[Function]}
    removeClippedSubviews={false}
    renderItem={[Function]}
    scrollEventThrottle={50}
    stickyHeaderIndices={Array []}
    updateCellsBatchingPeriod={50}
    viewabilityConfigCallbackPairs={Array []}
    windowSize={21}
  >
    <View>
      <View
        style={null}
      >
        <RNGestureHandlerButton
          collapsable={false}
          onGestureEvent={[Function]}
          onGestureHandlerEvent={[Function]}
          onGestureHandlerStateChange={[Function]}
          onHandlerStateChange={[Function]}
          rippleColor={0}
          testID="faq-button-0"
        >
          <View
            accessible={true}
            style={
              Object {
                "borderBottomColor": "#C5C5C5",
                "borderBottomWidth": 0.3,
                "opacity": 1,
                "paddingVertical": 20,
              }
            }
          >
            <View
              style={
                Object {
                  "flexDirection": "row",
                  "justifyContent": "space-between",
                  "marginLeft": 22.5,
                  "marginRight": 30,
                }
              }
            >
              <Text
                style={
                  Array [
                    Object {
                      "color": "#2A2E43",
                      "fontFamily": "Roboto-Regular",
                    },
                    Object {
                      "color": undefined,
                      "fontSize": 14,
                      "fontWeight": "bold",
                      "width": 600,
                    },
                  ]
                }
              >
                I am trying to create an account and I receive a message that my email address does not match the entry in my file.
              </Text>
              <View
                style={
                  Object {
                    "overflow": "hidden",
                  }
                }
              >
                <View>
                  <View
                    style={
                      Object {
                        "alignItems": "center",
                        "backgroundColor": "transparent",
                        "justifyContent": "center",
                      }
                    }
                  >
                    <Text
                      allowFontScaling={false}
                      style={
                        Array [
                          Object {
                            "color": "#8E9397",
                            "fontSize": 30,
                          },
                          Object {
                            "backgroundColor": "transparent",
                          },
                          Object {
                            "fontFamily": "Material Icons",
                            "fontStyle": "normal",
                            "fontWeight": "normal",
                          },
                          Object {},
                        ]
                      }
                      testID="iconIcon"
                    >
                      
                    </Text>
                  </View>
                </View>
              </View>
            </View>
          </View>
        </RNGestureHandlerButton>
      </View>
      <View
        style={null}
      >
        <RNGestureHandlerButton
          collapsable={false}
          onGestureEvent={[Function]}
          onGestureHandlerEvent={[Function]}
          onGestureHandlerStateChange={[Function]}
          onHandlerStateChange={[Function]}
          rippleColor={0}
          testID="faq-button-1"
        >
          <View
            accessible={true}
            style={
              Object {
                "borderBottomColor": "#C5C5C5",
                "borderBottomWidth": 0.3,
                "opacity": 1,
                "paddingVertical": 20,
              }
            }
          >
            <View
              style={
                Object {
                  "flexDirection": "row",
                  "justifyContent": "space-between",
                  "marginLeft": 22.5,
                  "marginRight": 30,
                }
              }
            >
              <Text
                style={
                  Array [
                    Object {
                      "color": "#2A2E43",
                      "fontFamily": "Roboto-Regular",
                    },
                    Object {
                      "color": undefined,
                      "fontSize": 14,
                      "fontWeight": "bold",
                      "width": 600,
                    },
                  ]
                }
              >
                During registration I did not receive an email with the subject “Your Marlow CrewCompanion Account Registration”
              </Text>
              <View
                style={
                  Object {
                    "overflow": "hidden",
                  }
                }
              >
                <View>
                  <View
                    style={
                      Object {
                        "alignItems": "center",
                        "backgroundColor": "transparent",
                        "justifyContent": "center",
                      }
                    }
                  >
                    <Text
                      allowFontScaling={false}
                      style={
                        Array [
                          Object {
                            "color": "#8E9397",
                            "fontSize": 30,
                          },
                          Object {
                            "backgroundColor": "transparent",
                          },
                          Object {
                            "fontFamily": "Material Icons",
                            "fontStyle": "normal",
                            "fontWeight": "normal",
                          },
                          Object {},
                        ]
                      }
                      testID="iconIcon"
                    >
                      
                    </Text>
                  </View>
                </View>
              </View>
            </View>
          </View>
        </RNGestureHandlerButton>
      </View>
    </View>
  </RCTScrollView>
</View>
`;
