// Jest Snapshot v1, https://goo.gl/fbAQLP

exports[`ImprintLink snapshot test should render correct ui when imprint 1`] = `
<View
  style={
    Object {
      "flex": 1,
    }
  }
>
  <View
    style={
      Object {
        "flexDirection": "row",
        "justifyContent": "center",
      }
    }
  >
    <RNGestureHandlerButton
      collapsable={false}
      onGestureEvent={[Function]}
      onGestureHandlerEvent={[Function]}
      onGestureHandlerStateChange={[Function]}
      onHandlerStateChange={[Function]}
      rippleColor={0}
      testID="imprint-button"
    >
      <View
        accessible={true}
        style={
          Object {
            "opacity": 1,
          }
        }
      >
        <Text
          style={
            Array [
              Object {
                "color": "#2A2E43",
                "fontFamily": "Roboto-Regular",
              },
              Object {
                "color": "#78849E",
                "textDecorationLine": "underline",
              },
            ]
          }
        >
          Imprint
        </Text>
      </View>
    </RNGestureHandlerButton>
  </View>
</View>
`;
