// Jest Snapshot v1, https://goo.gl/fbAQLP

exports[`WhosAroundScreen snapshot test should render correct ui when isOnline is true and platform is adnroid 1`] = `
<RCTScrollView
  contentContainerStyle={
    Object {
      "flexGrow": 1,
    }
  }
  scrollEnabled={false}
  style={
    Object {
      "flex": 1,
    }
  }
>
  <View>
    <View
      accessible={true}
      focusable={true}
      onClick={[Function]}
      onResponderGrant={[Function]}
      onResponderMove={[Function]}
      onResponderRelease={[Function]}
      onResponderTerminate={[Function]}
      onResponderTerminationRequest={[Function]}
      onStartShouldSetResponder={[Function]}
      style={
        Object {
          "alignSelf": "flex-end",
          "marginTop": 75,
          "opacity": 1,
        }
      }
      testID="close-icon"
    >
      <<?xml version="1.0" encoding="iso-8859-1"?>
<!-- Generator: Adobe Illustrator 19.0.0, SVG Export Plug-In . SVG Version: 6.00 Build 0)  -->
<svg version="1.1" id="Layer_1" xmlns="http://www.w3.org/2000/svg" xmlns:xlink="http://www.w3.org/1999/xlink" x="0px" y="0px"
	 viewBox="0 0 512 512" style="enable-background:new 0 0 512 512;" xml:space="preserve">
<g>
	<g>
		<path d="M505.943,6.058c-8.077-8.077-21.172-8.077-29.249,0L6.058,476.693c-8.077,8.077-8.077,21.172,0,29.249
			C10.096,509.982,15.39,512,20.683,512c5.293,0,10.586-2.019,14.625-6.059L505.943,35.306
			C514.019,27.23,514.019,14.135,505.943,6.058z"/>
	</g>
</g>
<g>
	<g>
		<path d="M505.942,476.694L35.306,6.059c-8.076-8.077-21.172-8.077-29.248,0c-8.077,8.076-8.077,21.171,0,29.248l470.636,470.636
			c4.038,4.039,9.332,6.058,14.625,6.058c5.293,0,10.587-2.019,14.624-6.057C514.018,497.866,514.018,484.771,505.942,476.694z"/>
	</g>
</g>
<g>
</g>
<g>
</g>
<g>
</g>
<g>
</g>
<g>
</g>
<g>
</g>
<g>
</g>
<g>
</g>
<g>
</g>
<g>
</g>
<g>
</g>
<g>
</g>
<g>
</g>
<g>
</g>
<g>
</g>
</svg>

        style={
          Object {
            "height": 53.5,
            "marginRight": 37.5,
            "width": 34,
          }
        }
      />
    </View>
    <View
      style={
        Object {
          "alignContent": "center",
          "flexDirection": "column",
          "flexGrow": 1,
          "justifyContent": "space-around",
        }
      }
    >
      <View>
        <View
          style={
            Object {
              "alignSelf": "center",
            }
          }
        >
          <View>
            <Text
              style={
                Array [
                  Object {
                    "color": "#2A2E43",
                    "fontFamily": "Roboto-Regular",
                  },
                  Object {
                    "color": "rgb(28, 28, 30)",
                    "fontSize": 40,
                    "fontWeight": "900",
                    "paddingBottom": 30,
                    "textAlign": "center",
                  },
                ]
              }
            >
              You are now visible to fellow seafarers around you.
            </Text>
            <Text
              style={
                Array [
                  Object {
                    "color": "#2A2E43",
                    "fontFamily": "Roboto-Regular",
                  },
                  Object {
                    "color": "rgb(28, 28, 30)",
                    "fontSize": 24,
                    "textAlign": "center",
                  },
                ]
              }
            >
              You will be active until
               
            </Text>
            <Text
              style={
                Array [
                  Object {
                    "color": "#2A2E43",
                    "fontFamily": "Roboto-Regular",
                  },
                  Object {
                    "color": "rgb(28, 28, 30)",
                    "fontSize": 40,
                    "fontWeight": "900",
                    "paddingBottom": 30,
                    "textAlign": "center",
                  },
                ]
              }
            >
              20.11.19    08:14
            </Text>
          </View>
        </View>
      </View>
      <View
        style={
          Object {
            "alignSelf": "center",
          }
        }
      >
        <View
          style={
            Object {
              "alignItems": "center",
              "flexDirection": "row",
            }
          }
        >
          <View
            accessible={true}
            focusable={true}
            onClick={[Function]}
            onResponderGrant={[Function]}
            onResponderMove={[Function]}
            onResponderRelease={[Function]}
            onResponderTerminate={[Function]}
            onResponderTerminationRequest={[Function]}
            onStartShouldSetResponder={[Function]}
            style={
              Object {
                "backgroundColor": "#005AA5",
                "borderRadius": 20,
                "justifyContent": "center",
                "opacity": 1,
                "padding": 20,
                "width": 70,
              }
            }
          >
            <View
              style={
                Object {
                  "alignItems": "center",
                  "backgroundColor": "white",
                  "borderRadius": 15,
                  "elevation": 1.5,
                  "height": 30,
                  "justifyContent": "center",
                  "left": 0,
                  "margin": 4,
                  "position": "absolute",
                  "shadowColor": "#000",
                  "shadowOffset": Object {
                    "height": 2,
                    "width": 0,
                  },
                  "shadowOpacity": 0.2,
                  "shadowRadius": 2.5,
                  "transform": Array [
                    Object {
                      "translateX": 0,
                    },
                  ],
                  "width": 30,
                }
              }
            />
          </View>
        </View>
      </View>
      <View />
    </View>
  </View>
</RCTScrollView>
`;

exports[`WhosAroundScreen snapshot test should render correct ui when isOnline is true and platform is ios 1`] = `
<RCTScrollView
  contentContainerStyle={
    Object {
      "flexGrow": 1,
    }
  }
  scrollEnabled={false}
  style={
    Object {
      "flex": 1,
    }
  }
>
  <View>
    <View
      accessible={true}
      focusable={true}
      onClick={[Function]}
      onResponderGrant={[Function]}
      onResponderMove={[Function]}
      onResponderRelease={[Function]}
      onResponderTerminate={[Function]}
      onResponderTerminationRequest={[Function]}
      onStartShouldSetResponder={[Function]}
      style={
        Object {
          "alignSelf": "flex-end",
          "marginTop": 75,
          "opacity": 1,
        }
      }
      testID="close-icon"
    >
      <<?xml version="1.0" encoding="iso-8859-1"?>
<!-- Generator: Adobe Illustrator 19.0.0, SVG Export Plug-In . SVG Version: 6.00 Build 0)  -->
<svg version="1.1" id="Layer_1" xmlns="http://www.w3.org/2000/svg" xmlns:xlink="http://www.w3.org/1999/xlink" x="0px" y="0px"
	 viewBox="0 0 512 512" style="enable-background:new 0 0 512 512;" xml:space="preserve">
<g>
	<g>
		<path d="M505.943,6.058c-8.077-8.077-21.172-8.077-29.249,0L6.058,476.693c-8.077,8.077-8.077,21.172,0,29.249
			C10.096,509.982,15.39,512,20.683,512c5.293,0,10.586-2.019,14.625-6.059L505.943,35.306
			C514.019,27.23,514.019,14.135,505.943,6.058z"/>
	</g>
</g>
<g>
	<g>
		<path d="M505.942,476.694L35.306,6.059c-8.076-8.077-21.172-8.077-29.248,0c-8.077,8.076-8.077,21.171,0,29.248l470.636,470.636
			c4.038,4.039,9.332,6.058,14.625,6.058c5.293,0,10.587-2.019,14.624-6.057C514.018,497.866,514.018,484.771,505.942,476.694z"/>
	</g>
</g>
<g>
</g>
<g>
</g>
<g>
</g>
<g>
</g>
<g>
</g>
<g>
</g>
<g>
</g>
<g>
</g>
<g>
</g>
<g>
</g>
<g>
</g>
<g>
</g>
<g>
</g>
<g>
</g>
<g>
</g>
</svg>

        style={
          Object {
            "height": 53.5,
            "marginRight": 37.5,
            "width": 34,
          }
        }
      />
    </View>
    <View
      style={
        Object {
          "alignContent": "center",
          "flexDirection": "column",
          "flexGrow": 1,
          "justifyContent": "space-around",
        }
      }
    >
      <View>
        <View
          style={
            Object {
              "alignSelf": "center",
            }
          }
        >
          <View>
            <Text
              style={
                Array [
                  Object {
                    "color": "#2A2E43",
                    "fontFamily": "Roboto-Regular",
                  },
                  Object {
                    "color": "rgb(28, 28, 30)",
                    "fontSize": 40,
                    "fontWeight": "900",
                    "paddingBottom": 30,
                    "textAlign": "center",
                  },
                ]
              }
            >
              You are now visible to fellow seafarers around you.
            </Text>
            <Text
              style={
                Array [
                  Object {
                    "color": "#2A2E43",
                    "fontFamily": "Roboto-Regular",
                  },
                  Object {
                    "color": "rgb(28, 28, 30)",
                    "fontSize": 24,
                    "textAlign": "center",
                  },
                ]
              }
            >
              You will be active until
               
            </Text>
            <Text
              style={
                Array [
                  Object {
                    "color": "#2A2E43",
                    "fontFamily": "Roboto-Regular",
                  },
                  Object {
                    "color": "rgb(28, 28, 30)",
                    "fontSize": 40,
                    "fontWeight": "900",
                    "paddingBottom": 30,
                    "textAlign": "center",
                  },
                ]
              }
            >
              20.11.19    08:14
            </Text>
          </View>
        </View>
      </View>
      <View
        style={
          Object {
            "alignSelf": "center",
          }
        }
      >
        <View
          style={
            Object {
              "alignItems": "center",
              "flexDirection": "row",
            }
          }
        >
          <View
            accessible={true}
            focusable={true}
            onClick={[Function]}
            onResponderGrant={[Function]}
            onResponderMove={[Function]}
            onResponderRelease={[Function]}
            onResponderTerminate={[Function]}
            onResponderTerminationRequest={[Function]}
            onStartShouldSetResponder={[Function]}
            style={
              Object {
                "backgroundColor": "#005AA5",
                "borderRadius": 20,
                "justifyContent": "center",
                "opacity": 1,
                "padding": 20,
                "width": 70,
              }
            }
          >
            <View
              style={
                Object {
                  "alignItems": "center",
                  "backgroundColor": "white",
                  "borderRadius": 15,
                  "elevation": 1.5,
                  "height": 30,
                  "justifyContent": "center",
                  "left": 0,
                  "margin": 4,
                  "position": "absolute",
                  "shadowColor": "#000",
                  "shadowOffset": Object {
                    "height": 2,
                    "width": 0,
                  },
                  "shadowOpacity": 0.2,
                  "shadowRadius": 2.5,
                  "transform": Array [
                    Object {
                      "translateX": 0,
                    },
                  ],
                  "width": 30,
                }
              }
            />
          </View>
        </View>
      </View>
      <View />
    </View>
  </View>
</RCTScrollView>
`;
