// Jest Snapshot v1, https://goo.gl/fbAQLP

exports[`NewsLink snapshot test should render correct ui and click the news-button 1`] = `
<View>
  <View
    style={
      Object {
        "flexDirection": "row",
        "justifyContent": "center",
      }
    }
  >
    <View
      accessible={true}
      focusable={true}
      onClick={[Function]}
      onResponderGrant={[Function]}
      onResponderMove={[Function]}
      onResponderRelease={[Function]}
      onResponderTerminate={[Function]}
      onResponderTerminationRequest={[Function]}
      onStartShouldSetResponder={[Function]}
      style={
        Object {
          "opacity": 1,
        }
      }
      testID="news-button"
    >
      <Text
        style={
          Array [
            Object {
              "color": "#2A2E43",
              "fontFamily": "Roboto-Regular",
            },
            Object {
              "color": "#78849E",
              "textDecorationLine": "underline",
            },
          ]
        }
      >
        News
      </Text>
    </View>
  </View>
</View>
`;
