// Jest Snapshot v1, https://goo.gl/fbAQLP

exports[`AppColorScheme snapshot test should render correct ui 1`] = `
<View
  accessible={true}
  focusable={true}
  onClick={[Function]}
  onResponderGrant={[Function]}
  onResponderMove={[Function]}
  onResponderRelease={[Function]}
  onResponderTerminate={[Function]}
  onResponderTerminationRequest={[Function]}
  onStartShouldSetResponder={[Function]}
  style={
    Object {
      "alignSelf": "stretch",
      "flexDirection": "row",
      "marginTop": 20,
      "opacity": 1,
      "paddingBottom": 15,
      "paddingTop": 15,
    }
  }
  testID="change-theme"
>
  <View
    style={
      Object {
        "overflow": "hidden",
      }
    }
  >
    <View
      style={
        Object {
          "alignItems": "center",
          "backgroundColor": "#78849E",
          "borderRadius": 20,
          "height": 40,
          "justifyContent": "center",
          "width": 40,
        }
      }
    >
      <View
        style={
          Object {
            "alignItems": "center",
            "backgroundColor": "transparent",
            "justifyContent": "center",
          }
        }
      >
        <Text
          allowFontScaling={false}
          style={
            Array [
              Object {
                "color": "#FFFFFF",
                "fontSize": 25,
              },
              Object {
                "backgroundColor": "transparent",
              },
              Object {
                "fontFamily": "Material Icons",
                "fontStyle": "normal",
                "fontWeight": "normal",
              },
              Object {},
            ]
          }
          testID="iconIcon"
        >
          
        </Text>
      </View>
    </View>
  </View>
  <View
    style={
      Object {
        "alignItems": "center",
        "borderBottomWidth": 1,
        "borderColor": "#C5C5C5",
        "flex": 1,
        "flexDirection": "row",
        "justifyContent": "space-between",
        "marginLeft": 10,
      }
    }
  >
    <View>
      <Text
        style={
          Array [
            Object {
              "color": "#2A2E43",
              "fontFamily": "Roboto-Regular",
            },
            Object {
              "color": "rgb(28, 28, 30)",
              "fontSize": 18,
              "fontWeight": "bold",
            },
          ]
        }
      >
        Dark Mode
      </Text>
    </View>
    <View
      style={
        Object {
          "flexDirection": "row",
        }
      }
    >
      <Text
        style={
          Array [
            Object {
              "color": "#2A2E43",
              "fontFamily": "Roboto-Regular",
            },
            Array [
              Object {
                "color": "#000",
                "fontSize": 18,
                "fontWeight": "bold",
              },
              Object {
                "color": "#8E9397",
              },
            ],
          ]
        }
      >
        dark
      </Text>
      <View
        style={
          Object {
            "overflow": "hidden",
          }
        }
      >
        <View>
          <View
            style={
              Object {
                "alignItems": "center",
                "backgroundColor": "transparent",
                "justifyContent": "center",
              }
            }
          >
            <Text
              allowFontScaling={false}
              style={
                Array [
                  Object {
                    "color": "#8E9397",
                    "fontSize": 24,
                  },
                  Object {
                    "backgroundColor": "transparent",
                  },
                  Object {
                    "fontFamily": "Material Icons",
                    "fontStyle": "normal",
                    "fontWeight": "normal",
                  },
                  Object {},
                ]
              }
              testID="iconIcon"
            >
              
            </Text>
          </View>
        </View>
      </View>
    </View>
  </View>
</View>
`;
